Flow report for de10l-neorv32-sdram-qsys
Thu Apr 30 13:00:17 2026
Quartus Prime Version 20.1.1 Build 720 11/11/2020 SJ Lite Edition


---------------------
; Table of Contents ;
---------------------
  1. Legal Notice
  2. Flow Summary
  3. Flow Settings
  4. Flow Non-Default Global Settings
  5. Flow Elapsed Time
  6. Flow OS Summary
  7. Flow Log
  8. Flow Messages
  9. Flow Suppressed Messages



----------------
; Legal Notice ;
----------------
Copyright (C) 2020  Intel Corporation. All rights reserved.
Your use of Intel Corporation's design tools, logic functions 
and other software and tools, and any partner logic 
functions, and any output files from any of the foregoing 
(including device programming or simulation files), and any 
associated documentation or information are expressly subject 
to the terms and conditions of the Intel Program License 
Subscription Agreement, the Intel Quartus Prime License Agreement,
the Intel FPGA IP License Agreement, or other applicable license
agreement, including, without limitation, that your use is for
the sole purpose of programming logic devices manufactured by
Intel and sold by Intel or its authorized distributors.  Please
refer to the applicable agreement for further details, at
https://fpgasoftware.intel.com/eula.



+----------------------------------------------------------------------------------+
; Flow Summary                                                                     ;
+------------------------------------+---------------------------------------------+
; Flow Status                        ; Successful - Thu Apr 30 12:59:39 2026       ;
; Quartus Prime Version              ; 20.1.1 Build 720 11/11/2020 SJ Lite Edition ;
; Revision Name                      ; de10l-neorv32-sdram-qsys                    ;
; Top-level Entity Name              ; top                                         ;
; Family                             ; MAX 10                                      ;
; Device                             ; 10M50DAF484C7G                              ;
; Timing Models                      ; Final                                       ;
; Total logic elements               ; 7,616 / 49,760 ( 15 % )                     ;
;     Total combinational functions  ; 7,159 / 49,760 ( 14 % )                     ;
;     Dedicated logic registers      ; 2,587 / 49,760 ( 5 % )                      ;
; Total registers                    ; 2656                                        ;
; Total pins                         ; 59 / 360 ( 16 % )                           ;
; Total virtual pins                 ; 0                                           ;
; Total memory bits                  ; 788,480 / 1,677,312 ( 47 % )                ;
; Embedded Multiplier 9-bit elements ; 0 / 288 ( 0 % )                             ;
; Total PLLs                         ; 1 / 4 ( 25 % )                              ;
; UFM blocks                         ; 0 / 1 ( 0 % )                               ;
; ADC blocks                         ; 0 / 2 ( 0 % )                               ;
+------------------------------------+---------------------------------------------+


+----------------------------------------------+
; Flow Settings                                ;
+-------------------+--------------------------+
; Option            ; Setting                  ;
+-------------------+--------------------------+
; Start date & time ; 04/30/2026 12:57:02      ;
; Main task         ; Compilation              ;
; Revision Name     ; de10l-neorv32-sdram-qsys ;
+-------------------+--------------------------+


+-------------------------------------------------------------------------------------------------------------------------------------------------------------+
; Flow Non-Default Global Settings                                                                                                                            ;
+-------------------------------------+-------------------------------------------------------------+--------------------------+-------------+----------------+
; Assignment Name                     ; Value                                                       ; Default Value            ; Entity Name ; Section Id     ;
+-------------------------------------+-------------------------------------------------------------+--------------------------+-------------+----------------+
; ALLOW_REGISTER_DUPLICATION          ; Off                                                         ; On                       ; --          ; --             ;
; ALLOW_REGISTER_MERGING              ; Off                                                         ; On                       ; --          ; --             ;
; ALLOW_REGISTER_RETIMING             ; Off                                                         ; On                       ; --          ; --             ;
; COMPILER_SIGNATURE_ID               ; 18691175253400.177756822218476                              ; --                       ; --          ; --             ;
; EDA_OUTPUT_DATA_FORMAT              ; None                                                        ; --                       ; --          ; eda_simulation ;
; MAX_CORE_JUNCTION_TEMP              ; 85                                                          ; --                       ; --          ; --             ;
; MIN_CORE_JUNCTION_TEMP              ; 0                                                           ; --                       ; --          ; --             ;
; MISC_FILE                           ; src/pll/pll_sys.cmp                                         ; --                       ; --          ; --             ;
; MISC_FILE                           ; src/pll/pll_sys.ppf                                         ; --                       ; --          ; --             ;
; MISC_FILE                           ; qsys_core/synthesis/../qsys_core.cmp                        ; --                       ; --          ; --             ;
; MISC_FILE                           ; qsys_core/synthesis/../../qsys_core.qsys                    ; --                       ; --          ; --             ;
; PARTITION_COLOR                     ; -- (Not supported for targeted family)                      ; --                       ; top         ; Top            ;
; PARTITION_FITTER_PRESERVATION_LEVEL ; -- (Not supported for targeted family)                      ; --                       ; top         ; Top            ;
; PARTITION_NETLIST_TYPE              ; -- (Not supported for targeted family)                      ; --                       ; top         ; Top            ;
; POWER_BOARD_THERMAL_MODEL           ; None (CONSERVATIVE)                                         ; --                       ; --          ; --             ;
; POWER_PRESET_COOLING_SOLUTION       ; 23 MM HEAT SINK WITH 200 LFPM AIRFLOW                       ; --                       ; --          ; --             ;
; PROJECT_OUTPUT_DIRECTORY            ; output_files                                                ; --                       ; --          ; --             ;
; REMOVE_DUPLICATE_REGISTERS          ; Off                                                         ; On                       ; --          ; --             ;
; ROUTER_REGISTER_DUPLICATION         ; Off                                                         ; Auto                     ; --          ; --             ;
; SLD_FILE                            ; qsys_core/synthesis/qsys_core.debuginfo                     ; --                       ; --          ; --             ;
; SLD_INFO                            ; QSYS_NAME qsys_core HAS_SOPCINFO 1 GENERATION_ID 1773862607 ; --                       ; qsys_core   ; --             ;
; SOPCINFO_FILE                       ; qsys_core/synthesis/../../qsys_core.sopcinfo                ; --                       ; --          ; --             ;
; SYNTHESIS_ONLY_QIP                  ; On                                                          ; --                       ; --          ; --             ;
; TOP_LEVEL_ENTITY                    ; top                                                         ; de10l-neorv32-sdram-qsys ; --          ; --             ;
+-------------------------------------+-------------------------------------------------------------+--------------------------+-------------+----------------+


+--------------------------------------------------------------------------------------------------------------------------+
; Flow Elapsed Time                                                                                                        ;
+----------------------+--------------+-------------------------+---------------------+------------------------------------+
; Module Name          ; Elapsed Time ; Average Processors Used ; Peak Virtual Memory ; Total CPU Time (on all processors) ;
+----------------------+--------------+-------------------------+---------------------+------------------------------------+
; Analysis & Synthesis ; 00:01:21     ; 1.0                     ; 4987 MB             ; 00:00:55                           ;
; Fitter               ; 00:00:45     ; 1.7                     ; 6218 MB             ; 00:01:36                           ;
; Assembler            ; 00:00:11     ; 1.0                     ; 4731 MB             ; 00:00:08                           ;
; Timing Analyzer      ; 00:00:33     ; 3.6                     ; 5035 MB             ; 00:00:44                           ;
; Total                ; 00:02:50     ; --                      ; --                  ; 00:03:23                           ;
+----------------------+--------------+-------------------------+---------------------+------------------------------------+


+------------------------------------------------------------------------------------+
; Flow OS Summary                                                                    ;
+----------------------+------------------+------------+------------+----------------+
; Module Name          ; Machine Hostname ; OS Name    ; OS Version ; Processor type ;
+----------------------+------------------+------------+------------+----------------+
; Analysis & Synthesis ; LAPTOP-0HG83O7P  ; Windows 10 ; 10.0       ; x86_64         ;
; Fitter               ; LAPTOP-0HG83O7P  ; Windows 10 ; 10.0       ; x86_64         ;
; Assembler            ; LAPTOP-0HG83O7P  ; Windows 10 ; 10.0       ; x86_64         ;
; Timing Analyzer      ; LAPTOP-0HG83O7P  ; Windows 10 ; 10.0       ; x86_64         ;
+----------------------+------------------+------------+------------+----------------+


------------
; Flow Log ;
------------
quartus_map --read_settings_files=on --write_settings_files=off de10l-neorv32-sdram-qsys -c de10l-neorv32-sdram-qsys
quartus_fit --read_settings_files=off --write_settings_files=off de10l-neorv32-sdram-qsys -c de10l-neorv32-sdram-qsys
quartus_asm --read_settings_files=off --write_settings_files=off de10l-neorv32-sdram-qsys -c de10l-neorv32-sdram-qsys
quartus_sta de10l-neorv32-sdram-qsys -c de10l-neorv32-sdram-qsys



